// Vitest Snapshot v1, https://vitest.dev/guide/snapshot.html

exports[`@supabase/node-fetch > bundles the original package > cjs 1`] = `"300.66KB"`;

exports[`@supabase/node-fetch > bundles the original package > mjs 1`] = `"300.26KB"`;

exports[`@supabase/node-fetch > unfills it > cjs 1`] = `"523B"`;

exports[`@supabase/node-fetch > unfills it > mjs 1`] = `"607B"`;

exports[`@supabase/node-fetch > unfills it > unfilled cjs code 1`] = `"(()=>{var e={883(e){let o=globalThis.fetch;globalThis.fetch.polyfill=!1,o.polyfill=!1,e.exports=o,Object.assign(e.exports,{fetch:o,Request:globalThis.Request,Response:globalThis.Response,Headers:globalThis.Headers,AbortController:globalThis.AbortController})},496(e,o,l){let t=l(883);e.exports=()=>t("https://example.com"),e.exports.example=()=>t("https://example.com")}},o={},l=function l(t){var s=o[t];if(void 0!==s)return s.exports;var r=o[t]={exports:{}};return e[t](r,r.exports,l),r.exports}(496);module.exports=l})();"`;

exports[`@supabase/node-fetch > unfills it > unfilled mjs code 1`] = `"(()=>{"use strict";var e={};e.d=(l,t)=>{for(var o in t)e.o(t,o)&&!e.o(l,o)&&Object.defineProperty(l,o,{enumerable:!0,get:t[o]})},e.o=(e,l)=>Object.prototype.hasOwnProperty.call(e,l),e.r=e=>{"u">typeof Symbol&&Symbol.toStringTag&&Object.defineProperty(e,Symbol.toStringTag,{value:"Module"}),Object.defineProperty(e,"__esModule",{value:!0})};var l={};e.r(l),e.d(l,{example:()=>b,default:()=>i});let t=globalThis.fetch;globalThis.fetch.polyfill=!1,t.polyfill=!1;let{Request:o,Response:r,Headers:a,AbortController:p}=globalThis,i=()=>t("https://example.com"),b=()=>t("https://example.com");module.exports=l})();"`;

exports[`cross-fetch > bundles the original package > cjs 1`] = `"301.28KB"`;

exports[`cross-fetch > bundles the original package > mjs 1`] = `"301.31KB"`;

exports[`cross-fetch > unfills it > cjs 1`] = `"521B"`;

exports[`cross-fetch > unfills it > mjs 1`] = `"607B"`;

exports[`cross-fetch > unfills it > unfilled cjs code 1`] = `"(()=>{var e={883(e){let o=globalThis.fetch;globalThis.fetch.polyfill=!1,o.polyfill=!1,e.exports=o,Object.assign(e.exports,{fetch:o,Request:globalThis.Request,Response:globalThis.Response,Headers:globalThis.Headers,AbortController:globalThis.AbortController})},65(e,o,l){let t=l(883);e.exports=()=>t("https://example.com"),e.exports.example=()=>t("https://example.com")}},o={},l=function l(t){var s=o[t];if(void 0!==s)return s.exports;var r=o[t]={exports:{}};return e[t](r,r.exports,l),r.exports}(65);module.exports=l})();"`;

exports[`cross-fetch > unfills it > unfilled mjs code 1`] = `"(()=>{"use strict";var e={};e.d=(l,t)=>{for(var o in t)e.o(t,o)&&!e.o(l,o)&&Object.defineProperty(l,o,{enumerable:!0,get:t[o]})},e.o=(e,l)=>Object.prototype.hasOwnProperty.call(e,l),e.r=e=>{"u">typeof Symbol&&Symbol.toStringTag&&Object.defineProperty(e,Symbol.toStringTag,{value:"Module"}),Object.defineProperty(e,"__esModule",{value:!0})};var l={};e.r(l),e.d(l,{example:()=>b,default:()=>i});let t=globalThis.fetch;globalThis.fetch.polyfill=!1,t.polyfill=!1;let{Request:o,Response:r,Headers:a,AbortController:p}=globalThis,i=()=>t("https://example.com"),b=()=>t("https://example.com");module.exports=l})();"`;

exports[`node-fetch > bundles the original package > cjs 1`] = `"85.2KB"`;

exports[`node-fetch > bundles the original package > mjs 1`] = `"83.46KB"`;

exports[`node-fetch > unfills it > cjs 1`] = `"523B"`;

exports[`node-fetch > unfills it > mjs 1`] = `"607B"`;

exports[`node-fetch > unfills it > unfilled cjs code 1`] = `"(()=>{var e={883(e){let o=globalThis.fetch;globalThis.fetch.polyfill=!1,o.polyfill=!1,e.exports=o,Object.assign(e.exports,{fetch:o,Request:globalThis.Request,Response:globalThis.Response,Headers:globalThis.Headers,AbortController:globalThis.AbortController})},533(e,o,l){let t=l(883);e.exports=()=>t("https://example.com"),e.exports.example=()=>t("https://example.com")}},o={},l=function l(t){var s=o[t];if(void 0!==s)return s.exports;var r=o[t]={exports:{}};return e[t](r,r.exports,l),r.exports}(533);module.exports=l})();"`;

exports[`node-fetch > unfills it > unfilled mjs code 1`] = `"(()=>{"use strict";var e={};e.d=(l,t)=>{for(var o in t)e.o(t,o)&&!e.o(l,o)&&Object.defineProperty(l,o,{enumerable:!0,get:t[o]})},e.o=(e,l)=>Object.prototype.hasOwnProperty.call(e,l),e.r=e=>{"u">typeof Symbol&&Symbol.toStringTag&&Object.defineProperty(e,Symbol.toStringTag,{value:"Module"}),Object.defineProperty(e,"__esModule",{value:!0})};var l={};e.r(l),e.d(l,{example:()=>b,default:()=>i});let t=globalThis.fetch;globalThis.fetch.polyfill=!1,t.polyfill=!1;let{Request:o,Response:r,Headers:a,AbortController:p}=globalThis,i=()=>t("https://example.com"),b=()=>t("https://example.com");module.exports=l})();"`;

exports[`node-fetch-native > bundles the original package > cjs 1`] = `"109.77KB"`;

exports[`node-fetch-native > bundles the original package > mjs 1`] = `"108.23KB"`;

exports[`node-fetch-native > unfills it > cjs 1`] = `"523B"`;

exports[`node-fetch-native > unfills it > mjs 1`] = `"607B"`;

exports[`node-fetch-native > unfills it > unfilled cjs code 1`] = `"(()=>{var e={883(e){let o=globalThis.fetch;globalThis.fetch.polyfill=!1,o.polyfill=!1,e.exports=o,Object.assign(e.exports,{fetch:o,Request:globalThis.Request,Response:globalThis.Response,Headers:globalThis.Headers,AbortController:globalThis.AbortController})},275(e,o,l){let t=l(883);e.exports=()=>t("https://example.com"),e.exports.example=()=>t("https://example.com")}},o={},l=function l(t){var s=o[t];if(void 0!==s)return s.exports;var r=o[t]={exports:{}};return e[t](r,r.exports,l),r.exports}(275);module.exports=l})();"`;

exports[`node-fetch-native > unfills it > unfilled mjs code 1`] = `"(()=>{"use strict";var e={};e.d=(l,t)=>{for(var o in t)e.o(t,o)&&!e.o(l,o)&&Object.defineProperty(l,o,{enumerable:!0,get:t[o]})},e.o=(e,l)=>Object.prototype.hasOwnProperty.call(e,l),e.r=e=>{"u">typeof Symbol&&Symbol.toStringTag&&Object.defineProperty(e,Symbol.toStringTag,{value:"Module"}),Object.defineProperty(e,"__esModule",{value:!0})};var l={};e.r(l),e.d(l,{example:()=>b,default:()=>i});let t=globalThis.fetch;globalThis.fetch.polyfill=!1,t.polyfill=!1;let{Request:o,Response:r,Headers:a,AbortController:p}=globalThis,i=()=>t("https://example.com"),b=()=>t("https://example.com");module.exports=l})();"`;

exports[`unfetch > unfills it > cjs 1`] = `"523B"`;

exports[`unfetch > unfills it > mjs 1`] = `"607B"`;

exports[`unfetch > unfills it > unfilled cjs code 1`] = `"(()=>{var e={883(e){let o=globalThis.fetch;globalThis.fetch.polyfill=!1,o.polyfill=!1,e.exports=o,Object.assign(e.exports,{fetch:o,Request:globalThis.Request,Response:globalThis.Response,Headers:globalThis.Headers,AbortController:globalThis.AbortController})},701(e,o,l){let t=l(883);e.exports=()=>t("https://example.com"),e.exports.example=()=>t("https://example.com")}},o={},l=function l(t){var s=o[t];if(void 0!==s)return s.exports;var r=o[t]={exports:{}};return e[t](r,r.exports,l),r.exports}(701);module.exports=l})();"`;

exports[`unfetch > unfills it > unfilled mjs code 1`] = `"(()=>{"use strict";var e={};e.d=(l,t)=>{for(var o in t)e.o(t,o)&&!e.o(l,o)&&Object.defineProperty(l,o,{enumerable:!0,get:t[o]})},e.o=(e,l)=>Object.prototype.hasOwnProperty.call(e,l),e.r=e=>{"u">typeof Symbol&&Symbol.toStringTag&&Object.defineProperty(e,Symbol.toStringTag,{value:"Module"}),Object.defineProperty(e,"__esModule",{value:!0})};var l={};e.r(l),e.d(l,{example:()=>b,default:()=>i});let t=globalThis.fetch;globalThis.fetch.polyfill=!1,t.polyfill=!1;let{Request:o,Response:r,Headers:a,AbortController:p}=globalThis,i=()=>t("https://example.com"),b=()=>t("https://example.com");module.exports=l})();"`;

exports[`whatwg-fetch > bundles the original package > cjs 1`] = `"10.38KB"`;

exports[`whatwg-fetch > bundles the original package > mjs 1`] = `"10.11KB"`;

exports[`whatwg-fetch > unfills it > cjs 1`] = `"635B"`;

exports[`whatwg-fetch > unfills it > mjs 1`] = `"667B"`;

exports[`whatwg-fetch > unfills it > unfilled cjs code 1`] = `"(()=>{var e={537(e){"use strict";e.exports=require("xmlhttprequest")},883(e){let t=globalThis.fetch;globalThis.fetch.polyfill=!1,t.polyfill=!1,e.exports=t,Object.assign(e.exports,{fetch:t,Request:globalThis.Request,Response:globalThis.Response,Headers:globalThis.Headers,AbortController:globalThis.AbortController})},917(e,t,s){globalThis.XMLHttpRequest=s(537).XMLHttpRequest;let{fetch:o}=s(883);e.exports=()=>o("https://example.com"),e.exports.example=()=>o("https://example.com")}},t={},s=function s(o){var l=t[o];if(void 0!==l)return l.exports;var r=t[o]={exports:{}};return e[o](r,r.exports,s),r.exports}(917);module.exports=s})();"`;

exports[`whatwg-fetch > unfills it > unfilled mjs code 1`] = `"(()=>{"use strict";var e={};e.d=(t,l)=>{for(var o in l)e.o(l,o)&&!e.o(t,o)&&Object.defineProperty(t,o,{enumerable:!0,get:l[o]})},e.o=(e,t)=>Object.prototype.hasOwnProperty.call(e,t),e.r=e=>{"u">typeof Symbol&&Symbol.toStringTag&&Object.defineProperty(e,Symbol.toStringTag,{value:"Module"}),Object.defineProperty(e,"__esModule",{value:!0})};var t={};e.r(t),e.d(t,{example:()=>b,default:()=>s});let l=globalThis.fetch;globalThis.fetch.polyfill=!1,l.polyfill=!1;let{Request:o,Response:r,Headers:a,AbortController:p}=globalThis,i=require("xmlhttprequest");globalThis.XMLHttpRequest=i;let s=()=>l("https://example.com"),b=()=>l("https://example.com");module.exports=t})();"`;
